	

























































































	











































































	







































































	



































































	
































































	





























































	


























































	























































	




















































	

















































	















































	












































	





 !!!!"#$%




































	




&'()*





+,-./


































	




012











34./
































	



506















34./






























	



789


















34:;




























	



<=>






















:;


























	



?@A



	







:;
























	


5BC



DEEEEEEEEEE	









:;

























































	


7FG



	











:;























































	


<H




	













:;





















































	


?IJ




	















:;



















































	


KIJ




	

















:;

















































	


KI





	



















:;















































	


KI





	





















:;













































	


KI





	























:;











































	


KI





	

























:;









































	


LMMMMMMMMN





	



























:;







































	


LMMMMMMMMN





	





























:;





































	


KOPI





	































:;



































	


KQRI





	

































:;

































	


LMMOPMMMMN





	



































:;































	


LMMQROPMMN





	





































:;





























	


KOPQRI





	







































:;



























	


KQRI





	









































:;

























	


LMMMMMMOPN





	











































:;























	


LMMOPMMQRN





	













































:;





















	


KQRI





	















































:;



















	


KI





	

















































:;

















	


LOPMMMMOPN





	



















































:;















	


LQRMMMMQRN





	





















































:;













	


KOPI





	























































:;











	


KQRI





	

























































:;









	


LOPMMMMOPN





	



























































:;S








	


LQRMMMMQRN





	









:;S







	


KI





EEEEEEEEEEEEEEEEEEEEEEEEEEEEEEEEEEEEEEEEEEEEEEEEEEEE	











:;S






	


KOPI





	













:;T





	


LMMQRMMMMN





	















:;U





	


LMMMMMMMMN





	

















./V




	


KI





	

34./W




	


KI





EEEEEEEEEEEEEEEE	



34XY




	


LMMMMMMMMN





	





ZX[




	


LMMMMMMMMN





	






\]I




	


KI





	






^_I




	


KI





	







`KI




	


LMMMMMMMMN





	







`KI




	


LMMMMMMMMN





	







`KI




	


KI





	







`LMMMMMMMMN




	


KI





	








LMMMMMMMMN




	


LMMMMMMMMN

































	








KI




	


LMMMMMMMMN





	
























































	








KI




	


KI





	
























































	








LMMMMMMMMN




	


KI





	
























































	








LMMMMMMMMN




	


LMMMMMMMMN





	
























































	








KI




	


LMMMMMMMMN





	













































	








KI




	


KI





	









































	








LMMMMMMMMN




	


KI

	

















S




















	








aaaaaaaaaa




	


LMMMMMMMMN

DEEEb	















S



















	








KI




	


LMMMMMMMMN

	













S


















	








KI




	


KI

	











S

















	








LcddeMMMMN




	


KI

	









T
















	








LMMMMMMMMN




	


LMMMMMMMMN

f







U
















	








KI




	


LMMMMMMMMN

	

















T















	








KghhiI




	


KI

	















U















	








LMMMMMMMMN




	


KI

	













T














	








LMMMMMMMMN




	


LMMMMMMMMNJ
	











&'!!!./U














	








KghhiI




	


LMMMMMMMMNJ
	









&'12


34XT













	








KI




	


KIJ
	







&'12






\]U













	








LMMMMMMMMN




	


KIJ
	





jk12








^_T












	








LMMMMcddeN




	


Kl
	



jk













\]U












	








KI




	


Kmnfopjk















^_T











	








KI




	


Kqrs
tuvwxjk



















yU











	








LcddeMMMMN




	


Kz{|}~jk





















€T










	








LMMMMMMMMN




	


Kjk
























yU










	








KI




	


Kjk


























€T









	








KghhiI




	


Kjk





























yU









	








LMMMMMMMMN




	


jk































€T








	








LMMMMMMMMN




	


‚jk


































yU








	








KghhiI




	


ƒjk




































€T







	








KI




	


„jk







































yU







	








LMMMMMMMMN




	



yjk









































€T






	








LMMMMcddeN




	



€jk












































yU






	








KI




	




…jk














































€T





	








KI




	





:;jk

















































yU





	








LMMMMMMMMN




	







†‡ˆ‰Š‹Œ



















































€T




	








LMMMMMMMMN




	








































































yU




	







`KI




	








































































€T



	







`KI




	









































































yU



	







ŽI




	









































































€l

	






‘I




	










































































ym’

f






“”I




	










































































€l


















•–I




	











































































ym’

















—˜I




	











































































€qrs















™šI




	












































































yz{rs











op›œ




	












































































€z{žŸ





tuvwx 




	













































































y¡¢£¤¥¥¥¥|}~¦
























€§




EEEEEEEEEEEEEEEEEEEEEEEEEEEEEEEEEEEEEEEEEEEEEEEEEEEEEEEEEEE




















y¨


























€©



























…ª





























…ª































…ª

































…ª



































…ª





































:;jk








































†‡ˆ‰Š‹Œ














































†‡ˆ‰Š‹Œ






































































































































































































































































































































































































































































































